// Jest Snapshot v1, https://goo.gl/fbAQLP

exports[`<Article /> it renders correctly 1`] = `ShallowWrapper {}`;