// Jest Snapshot v1, https://goo.gl/fbAQLP

exports[`<ArticleCard /> it renders correctly 1`] = `ShallowWrapper {}`;