// Jest Snapshot v1, https://goo.gl/fbAQLP

exports[`<Comment /> it renders correctly 1`] = `ShallowWrapper {}`;