// Jest Snapshot v1, https://goo.gl/fbAQLP

exports[`<ContactForm /> it renders correctly 1`] = `ShallowWrapper {}`;