// Jest Snapshot v1, https://goo.gl/fbAQLP

exports[`<FullArticle /> it renders correctly 1`] = `ShallowWrapper {}`;
