// Jest Snapshot v1, https://goo.gl/fbAQLP

exports[`<Navbar /> it renders correctly 1`] = `ShallowWrapper {}`;