// Jest Snapshot v1, https://goo.gl/fbAQLP

exports[`<SignupForm /> it renders correctly 1`] = `ShallowWrapper {}`;