// Jest Snapshot v1, https://goo.gl/fbAQLP

exports[`<SkillsBar /> it renders correctly 1`] = `ShallowWrapper {}`;