// Jest Snapshot v1, https://goo.gl/fbAQLP

exports[`<Slider /> it renders correctly 1`] = `ShallowWrapper {}`;